This is XeTeX, Version 3.141592653-2.6-0.999997 (MiKTeX 25.4) (preloaded format=xelatex 2025.9.4)  9 SEP 2025 17:17
entering extended mode
 %&-line parsing enabled.
**C:/xampp/htdocs/exmgen/exams/exam_vA_graded_1757427435.tex
(C:/xampp/htdocs/exmgen/exams/exam_vA_graded_1757427435.tex
LaTeX2e <2025-06-01> patch level 1
L3 programming layer <2025-08-13>
(C:\Users\medoo\AppData\Local\Programs\MiKTeX\tex/latex/base\article.cls
Document Class: article 2025/01/22 v1.4n Standard LaTeX document class
(C:\Users\medoo\AppData\Local\Programs\MiKTeX\tex/latex/base\size12.clo
File: size12.clo 2025/01/22 v1.4n Standard LaTeX file (size option)
)
\c@part=\count271
\c@section=\count272
\c@subsection=\count273
\c@subsubsection=\count274
\c@paragraph=\count275
\c@subparagraph=\count276
\c@figure=\count277
\c@table=\count278
\abovecaptionskip=\skip49
\belowcaptionskip=\skip50
\bibindent=\dimen148
)
(C:\Users\medoo\AppData\Local\Programs\MiKTeX\tex/latex/geometry\geometry.sty
Package: geometry 2020/01/02 v5.9 Page Geometry

(C:\Users\medoo\AppData\Local\Programs\MiKTeX\tex/latex/graphics\keyval.sty
Package: keyval 2022/05/29 v1.15 key=value parser (DPC)
\KV@toks@=\toks17
)
(C:\Users\medoo\AppData\Local\Programs\MiKTeX\tex/generic/iftex\ifvtex.sty
Package: ifvtex 2019/10/25 v1.7 ifvtex legacy package. Use iftex instead.

(C:\Users\medoo\AppData\Local\Programs\MiKTeX\tex/generic/iftex\iftex.sty
Package: iftex 2024/12/12 v1.0g TeX engine tests
))
\Gm@cnth=\count279
\Gm@cntv=\count280
\c@Gm@tempcnt=\count281
\Gm@bindingoffset=\dimen149
\Gm@wd@mp=\dimen150
\Gm@odd@mp=\dimen151
\Gm@even@mp=\dimen152
\Gm@layoutwidth=\dimen153
\Gm@layoutheight=\dimen154
\Gm@layouthoffset=\dimen155
\Gm@layoutvoffset=\dimen156
\Gm@dimlist=\toks18

(C:\Users\medoo\AppData\Local\Programs\MiKTeX\tex/latex/geometry\geometry.cfg))
(C:\Users\medoo\AppData\Local\Programs\MiKTeX\tex/latex/xcolor\xcolor.sty
Package: xcolor 2024/09/29 v3.02 LaTeX color extensions (UK)

(C:\Users\medoo\AppData\Local\Programs\MiKTeX\tex/latex/graphics-cfg\color.cfg
File: color.cfg 2016/01/02 v1.6 sample color configuration
)
Package xcolor Info: Driver file: xetex.def on input line 274.
(C:\Users\medoo\AppData\Local\Programs\MiKTeX\tex/latex/graphics-def\xetex.def
File: xetex.def 2022/09/22 v5.0n Graphics/color driver for xetex
) (C:\Users\medoo\AppData\Local\Programs\MiKTeX\tex/latex/graphics\mathcolor.lt
x)
Package xcolor Info: Model `cmy' substituted by `cmy0' on input line 1349.
Package xcolor Info: Model `RGB' extended on input line 1365.
Package xcolor Info: Model `HTML' substituted by `rgb' on input line 1367.
Package xcolor Info: Model `Hsb' substituted by `hsb' on input line 1368.
Package xcolor Info: Model `tHsb' substituted by `hsb' on input line 1369.
Package xcolor Info: Model `HSB' substituted by `hsb' on input line 1370.
Package xcolor Info: Model `Gray' substituted by `gray' on input line 1371.
Package xcolor Info: Model `wave' substituted by `hsb' on input line 1372.
)
(C:\Users\medoo\AppData\Local\Programs\MiKTeX\tex/latex/fancyhdr\fancyhdr.sty
Package: fancyhdr 2025/02/07 v5.2 Extensive control of page headers and footers

\f@nch@headwidth=\skip51
\f@nch@offset@elh=\skip52
\f@nch@offset@erh=\skip53
\f@nch@offset@olh=\skip54
\f@nch@offset@orh=\skip55
\f@nch@offset@elf=\skip56
\f@nch@offset@erf=\skip57
\f@nch@offset@olf=\skip58
\f@nch@offset@orf=\skip59
\f@nch@height=\skip60
\f@nch@footalignment=\skip61
\f@nch@widthL=\skip62
\f@nch@widthC=\skip63
\f@nch@widthR=\skip64
\@temptokenb=\toks19
)
(C:\Users\medoo\AppData\Local\Programs\MiKTeX\tex/latex/setspace\setspace.sty
Package: setspace 2022/12/04 v6.7b set line spacing
)
(C:\Users\medoo\AppData\Local\Programs\MiKTeX\tex/latex/enumitem\enumitem.sty
Package: enumitem 2025/02/06 v3.11 Customized lists
\labelindent=\skip65
\enit@outerparindent=\dimen157
\enit@toks=\toks20
\enit@inbox=\box53
\enit@count@id=\count282
\enitdp@description=\count283
)
(C:\Users\medoo\AppData\Local\Programs\MiKTeX\tex/latex/tools\tabularx.sty
Package: tabularx 2023/12/11 v2.12a `tabularx' package (DPC)

(C:\Users\medoo\AppData\Local\Programs\MiKTeX\tex/latex/tools\array.sty
Package: array 2025/06/08 v2.6j Tabular extension package (FMi)
\col@sep=\dimen158
\ar@mcellbox=\box54
\extrarowheight=\dimen159
\NC@list=\toks21
\extratabsurround=\skip66
\backup@length=\skip67
\ar@cellbox=\box55
)
\TX@col@width=\dimen160
\TX@old@table=\dimen161
\TX@old@col=\dimen162
\TX@target=\dimen163
\TX@delta=\dimen164
\TX@cols=\count284
\TX@ftn=\toks22
)
(C:\Users\medoo\AppData\Local\Programs\MiKTeX\tex/latex/fontspec\fontspec.sty
(C:\Users\medoo\AppData\Local\Programs\MiKTeX\tex/latex/l3packages/xparse\xpars
e.sty
(C:\Users\medoo\AppData\Local\Programs\MiKTeX\tex/latex/l3kernel\expl3.sty
Package: expl3 2025-08-13 L3 programming layer (loader) 

(C:\Users\medoo\AppData\Local\Programs\MiKTeX\tex/latex/l3backend\l3backend-xet
ex.def
File: l3backend-xetex.def 2025-06-09 L3 backend support: XeTeX
\g__graphics_track_int=\count285
\g__pdfannot_backend_int=\count286
\g__pdfannot_backend_link_int=\count287
))
Package: xparse 2024-08-16 L3 Experimental document command parser
)
Package: fontspec 2024/05/11 v2.9e Font selection for XeLaTeX and LuaLaTeX

(C:\Users\medoo\AppData\Local\Programs\MiKTeX\tex/latex/fontspec\fontspec-xetex
.sty
Package: fontspec-xetex 2024/05/11 v2.9e Font selection for XeLaTeX and LuaLaTe
X
\l__fontspec_script_int=\count288
\l__fontspec_language_int=\count289
\l__fontspec_strnum_int=\count290
\l__fontspec_tmp_int=\count291
\l__fontspec_tmpa_int=\count292
\l__fontspec_tmpb_int=\count293
\l__fontspec_tmpc_int=\count294
\l__fontspec_em_int=\count295
\l__fontspec_emdef_int=\count296
\l__fontspec_strong_int=\count297
\l__fontspec_strongdef_int=\count298
\l__fontspec_tmpa_dim=\dimen165
\l__fontspec_tmpb_dim=\dimen166
\l__fontspec_tmpc_dim=\dimen167
 (C:\Users\medoo\AppData\Local\Programs\MiKTeX\tex/latex/base\fontenc.sty
Package: fontenc 2024/12/21 v2.1c Standard LaTeX package
)
(C:\Users\medoo\AppData\Local\Programs\MiKTeX\tex/latex/fontspec\fontspec.cfg))
)
(C:\Users\medoo\AppData\Local\Programs\MiKTeX\tex/latex/polyglossia\polyglossia
.sty
Package: polyglossia 2025/06/30 v2.6 Modern multilingual typesetting with XeLaT
eX and LuaLaTeX

(C:\Users\medoo\AppData\Local\Programs\MiKTeX\tex/latex/etoolbox\etoolbox.sty
Package: etoolbox 2025/02/11 v2.5l e-TeX tools for LaTeX (JAW)
\etb@tempcnta=\count299
)
\l_xpg_alias_keyvals_int=\count300

(C:\Users\medoo\AppData\Local\Programs\MiKTeX\tex/latex/polyglossia\gloss-latex
.ldf
File: gloss-latex.ldf polyglossia: module for default language
)) (C:\Users\medoo\AppData\Local\Programs\MiKTeX\tex/xelatex/bidi\bidi.sty
Package: bidi 2025/02/02 v25.2.2 (Release Maryam Mirzakhani) Bidirectional type
setting in plain TeX and LaTeX

****************************************************
* 
* bidi package (Bidirectional typesetting in
* plain TeX and LaTeX, using XeTeX engine)
* 
* Description: A convenient interface for
* typesetting bidirectional texts in plain TeX
* and LaTeX. The package includes adaptations
* for use with many other commonly-used packages.
* 
* Copyright (c) 2007--2025 Vafa Khalighi
* Copyright (c) 2018--2020 bidi-tex GitHub organization
* 
* v25.2.2 (Release Maryam Mirzakhani), 2025/02/02
* 
* License: LaTeX Project Public License, version
* 1.3c or higher (your choice)
* 
* Location on CTAN: /macros/xetex/latex/bidi
* 
* Issue tracker: https://github.com/xepersian/bidi/issues
* 
* Discussions: https://github.com/xepersian/bidi/discussions
* 
* Primary author of bidi package: Vafa Khalighi.
* 
****************************************************
(C:\Users\medoo\AppData\Local\Programs\MiKTeX\tex/xelatex/bidi\biditools.sty
Package: biditools 2025/02/02 v2.7 Programming tools for bidi package
\@bidi@envbody=\toks23
\@bidi@emptytoks=\toks24
\bidi@poscount=\count301
\bidi@tempcountb=\count302
\bidi@temptoksa=\toks25
\bidi@temptoksb=\toks26
\bidi@dummies=\count303
\bidi@are@these@correct=\toks27
\bidi@toks@lista=\toks28
\bidi@toks@listb=\toks29
\bidi@stack@length=\count304
\bidi@empty@stack=\toks30
\bidi@looprepeat@depth=\count305
)
(C:\Users\medoo\AppData\Local\Programs\MiKTeX\tex/latex/zref\zref-abspage.sty
Package: zref-abspage 2025-06-08 v2.36 Module abspage for zref (HO)

(C:\Users\medoo\AppData\Local\Programs\MiKTeX\tex/latex/zref\zref-base.sty
Package: zref-base 2025-06-08 v2.36 Module base for zref (HO)

(C:\Users\medoo\AppData\Local\Programs\MiKTeX\tex/generic/ltxcmds\ltxcmds.sty
Package: ltxcmds 2023-12-04 v1.26 LaTeX kernel commands for general use (HO)
)
(C:\Users\medoo\AppData\Local\Programs\MiKTeX\tex/generic/infwarerr\infwarerr.s
ty
Package: infwarerr 2019/12/03 v1.5 Providing info/warning/error messages (HO)
)
(C:\Users\medoo\AppData\Local\Programs\MiKTeX\tex/latex/kvsetkeys\kvsetkeys.sty
Package: kvsetkeys 2022-10-05 v1.19 Key value parser (HO)
)
(C:\Users\medoo\AppData\Local\Programs\MiKTeX\tex/generic/kvdefinekeys\kvdefine
keys.sty
Package: kvdefinekeys 2019-12-19 v1.6 Define keys (HO)
)
(C:\Users\medoo\AppData\Local\Programs\MiKTeX\tex/generic/pdftexcmds\pdftexcmds
.sty
Package: pdftexcmds 2020-06-27 v0.33 Utility functions of pdfTeX for LuaTeX (HO
)
Package pdftexcmds Info: \pdf@primitive is available.
Package pdftexcmds Info: \pdf@ifprimitive is available.
Package pdftexcmds Info: \pdfdraftmode not found.
)
(C:\Users\medoo\AppData\Local\Programs\MiKTeX\tex/generic/etexcmds\etexcmds.sty
Package: etexcmds 2019/12/15 v1.7 Avoid name clashes with e-TeX commands (HO)
) (C:\Users\medoo\AppData\Local\Programs\MiKTeX\tex/latex/auxhook\auxhook.sty
Package: auxhook 2019-12-17 v1.6 Hooks for auxiliary files (HO)
)
Package zref Info: New property list: main on input line 767.
Package zref Info: New property: default on input line 768.
Package zref Info: New property: page on input line 769.
)
\c@abspage=\count306
Package zref Info: New property: abspage on input line 67.
)
\@bidi@copyins@=\insert252
\bidi@typesethour=\count307
\bidi@typesetminute=\count308

(C:\Users\medoo\AppData\Local\Programs\MiKTeX\tex/xelatex/bidi\latex-xetex-bidi
.def
File: latex-xetex-bidi.def 2025/01/03 v1.5.2 bidi adaptations for `latex.ltx' f
or XeTeX engine
\bidi@n@everypar=\toks31
LaTeX Info: Redefining \centerline on input line 316.
LaTeX Info: Redefining \leftline on input line 325.
LaTeX Info: Redefining \rightline on input line 326.
LaTeX Info: Redefining \underline on input line 334.
\bidi@column@check@number=\count309

(C:\Users\medoo\AppData\Local\Programs\MiKTeX\tex/xelatex/bidi\footnote-xetex-b
idi.def
File: footnote-xetex-bidi.def 2024/12/14 v1.3 bidi footnote macros for XeTeX en
gine
\c@footdir@label=\count310
\footdir@toks=\toks32
)
(C:\Users\medoo\AppData\Local\Programs\MiKTeX\tex/xelatex/bidi\article-xetex-bi
di.def
File: article-xetex-bidi.def 2025/01/05 v0.9 bidi adaptations for standard arti
cle class for XeTeX engine
)
(C:\Users\medoo\AppData\Local\Programs\MiKTeX\tex/xelatex/bidi\array-xetex-bidi
.def
File: array-xetex-bidi.def 2024/12/10 v0.5 bidi adaptations for array package f
or XeTeX engine
)
(C:\Users\medoo\AppData\Local\Programs\MiKTeX\tex/xelatex/bidi\color-xetex-bidi
.def
File: color-xetex-bidi.def 2013/04/08 v0.2 bidi adaptations for color package f
or XeTeX engine
LaTeX Info: Redefining \color on input line 49.
)
(C:\Users\medoo\AppData\Local\Programs\MiKTeX\tex/xelatex/bidi\fancyhdr-xetex-b
idi.def
File: fancyhdr-xetex-bidi.def 2025/01/07 v0.9 bidi adaptations for fancyhdr pac
kage for XeTeX engine


Package bidi Warning: Oops! patching `\f@nch@hfbox@center' failed.


Package bidi Warning: Oops! patching `\f@nch@hfbox@center' failed.


Package bidi Warning: Oops! patching `\f@nch@hfbox@fit' failed.


Package bidi Warning: Oops! patching `\f@nch@hfbox@fit' failed.

)
(C:\Users\medoo\AppData\Local\Programs\MiKTeX\tex/xelatex/bidi\geometry-xetex-b
idi.def
File: geometry-xetex-bidi.def 2017/01/14 v0.2 bidi adaptations for geometry pac
kage for XeTeX engine
)
(C:\Users\medoo\AppData\Local\Programs\MiKTeX\tex/xelatex/bidi\tabularx-xetex-b
idi.def
File: tabularx-xetex-bidi.def 2014/11/08 v0.1 bidi adaptations for tabularx pac
kage for XeTeX engine
)
(C:\Users\medoo\AppData\Local\Programs\MiKTeX\tex/xelatex/bidi\xcolor-xetex-bid
i.def
File: xcolor-xetex-bidi.def 2022/06/13 v0.3 bidi adaptations for xcolor package
 for XeTeX engine
LaTeX Info: Redefining \color on input line 48.
LaTeX Info: Redefining \bidicolor on input line 91.
))
\bidi@digits=\count311
\bidi@digits@charclass=\XeTeXcharclass1
\bidi@sepmark@charclass=\XeTeXcharclass2
)
(C:\Users\medoo\AppData\Local\Programs\MiKTeX\tex/latex/amsmath\amsmath.sty
Package: amsmath 2025/06/16 v2.17y AMS math features
\@mathmargin=\skip68

For additional information on amsmath, use the `?' option.
(C:\Users\medoo\AppData\Local\Programs\MiKTeX\tex/latex/amsmath\amstext.sty
Package: amstext 2024/11/17 v2.01 AMS text

(C:\Users\medoo\AppData\Local\Programs\MiKTeX\tex/latex/amsmath\amsgen.sty
File: amsgen.sty 1999/11/30 v2.0 generic functions
\@emptytoks=\toks33
\ex@=\dimen168
))
(C:\Users\medoo\AppData\Local\Programs\MiKTeX\tex/xelatex/bidi\amstext-xetex-bi
di.def
File: amstext-xetex-bidi.def 2016/09/12 v0.2 bidi adaptations for amstext packa
ge for XeTeX engine
)
(C:\Users\medoo\AppData\Local\Programs\MiKTeX\tex/latex/amsmath\amsbsy.sty
Package: amsbsy 1999/11/29 v1.2d Bold Symbols
\pmbraise@=\dimen169
)
(C:\Users\medoo\AppData\Local\Programs\MiKTeX\tex/latex/amsmath\amsopn.sty
Package: amsopn 2022/04/08 v2.04 operator names
)
\inf@bad=\count312
LaTeX Info: Redefining \frac on input line 233.
\uproot@=\count313
\leftroot@=\count314
LaTeX Info: Redefining \overline on input line 398.
LaTeX Info: Redefining \colon on input line 409.
\classnum@=\count315
\DOTSCASE@=\count316
LaTeX Info: Redefining \ldots on input line 495.
LaTeX Info: Redefining \dots on input line 498.
LaTeX Info: Redefining \cdots on input line 619.
\Mathstrutbox@=\box56
\strutbox@=\box57
LaTeX Info: Redefining \big on input line 721.
LaTeX Info: Redefining \Big on input line 722.
LaTeX Info: Redefining \bigg on input line 723.
LaTeX Info: Redefining \Bigg on input line 724.
\big@size=\dimen170
LaTeX Font Info:    Redeclaring font encoding OML on input line 742.
LaTeX Font Info:    Redeclaring font encoding OMS on input line 743.
\macc@depth=\count317
LaTeX Info: Redefining \bmod on input line 904.
LaTeX Info: Redefining \pmod on input line 909.
LaTeX Info: Redefining \smash on input line 939.
LaTeX Info: Redefining \relbar on input line 969.
LaTeX Info: Redefining \Relbar on input line 970.
\c@MaxMatrixCols=\count318
\dotsspace@=\muskip17
\c@parentequation=\count319
\dspbrk@lvl=\count320
\tag@help=\toks34
\row@=\count321
\column@=\count322
\maxfields@=\count323
\andhelp@=\toks35
\eqnshift@=\dimen171
\alignsep@=\dimen172
\tagshift@=\dimen173
\tagwidth@=\dimen174
\totwidth@=\dimen175
\lineht@=\dimen176
\@envbody=\toks36
\multlinegap=\skip69
\multlinetaggap=\skip70
\mathdisplay@stack=\toks37
LaTeX Info: Redefining \[ on input line 2949.
LaTeX Info: Redefining \] on input line 2950.
)
(C:\Users\medoo\AppData\Local\Programs\MiKTeX\tex/xelatex/bidi\amsmath-xetex-bi
di.def
File: amsmath-xetex-bidi.def 2020/05/16 v1.2 bidi adaptations for amsmath packa
ge for XeTeX engine
)
(C:\Users\medoo\AppData\Local\Programs\MiKTeX\tex/latex/amsfonts\amssymb.sty
Package: amssymb 2013/01/14 v3.01 AMS font symbols

(C:\Users\medoo\AppData\Local\Programs\MiKTeX\tex/latex/amsfonts\amsfonts.sty
Package: amsfonts 2013/01/14 v3.01 Basic AMSFonts support
\symAMSa=\mathgroup4
\symAMSb=\mathgroup5
LaTeX Font Info:    Redeclaring math symbol \hbar on input line 98.
LaTeX Font Info:    Overwriting math alphabet `\mathfrak' in version `bold'
(Font)                  U/euf/m/n --> U/euf/b/n on input line 106.
))
(C:\Users\medoo\AppData\Local\Programs\MiKTeX\tex/latex/mathtools\mathtools.sty
Package: mathtools 2024/10/04 v1.31 mathematical typesetting tools
(C:\Users\medoo\AppData\Local\Programs\MiKTeX\tex/latex/tools\calc.sty
Package: calc 2025/03/01 v4.3b Infix arithmetic (KKT,FJ)
\calc@Acount=\count324
\calc@Bcount=\count325
\calc@Adimen=\dimen177
\calc@Bdimen=\dimen178
\calc@Askip=\skip71
\calc@Bskip=\skip72
LaTeX Info: Redefining \setlength on input line 86.
LaTeX Info: Redefining \addtolength on input line 87.
\calc@Ccount=\count326
\calc@Cskip=\skip73
)
(C:\Users\medoo\AppData\Local\Programs\MiKTeX\tex/latex/mathtools\mhsetup.sty
Package: mhsetup 2021/03/18 v1.4 programming setup (MH)
)
\g_MT_multlinerow_int=\count327
\l_MT_multwidth_dim=\dimen179
\origjot=\skip74
\l_MT_shortvdotswithinadjustabove_dim=\dimen180
\l_MT_shortvdotswithinadjustbelow_dim=\dimen181
\l_MT_above_intertext_sep=\dimen182
\l_MT_below_intertext_sep=\dimen183
\l_MT_above_shortintertext_sep=\dimen184
\l_MT_below_shortintertext_sep=\dimen185
\xmathstrut@box=\box58
\xmathstrut@dim=\dimen186
)
(C:\Users\medoo\AppData\Local\Programs\MiKTeX\tex/xelatex/bidi\mathtools-xetex-
bidi.def
File: mathtools-xetex-bidi.def 2025/01/03 v0.2 bidi adaptations for mathtools p
ackage for XeTeX engine

(C:\Users\medoo\AppData\Local\Programs\MiKTeX\tex/latex/graphics\graphicx.sty
Package: graphicx 2024/12/31 v1.2e Enhanced LaTeX Graphics (DPC,SPQR)

(C:\Users\medoo\AppData\Local\Programs\MiKTeX\tex/latex/graphics\graphics.sty
Package: graphics 2024/08/06 v1.4g Standard LaTeX Graphics (DPC,SPQR)

(C:\Users\medoo\AppData\Local\Programs\MiKTeX\tex/latex/graphics\trig.sty
Package: trig 2023/12/02 v1.11 sin cos tan (DPC)
)
(C:\Users\medoo\AppData\Local\Programs\MiKTeX\tex/latex/graphics-cfg\graphics.c
fg
File: graphics.cfg 2016/06/04 v1.11 sample graphics configuration
)
Package graphics Info: Driver file: xetex.def on input line 106.
)
\Gin@req@height=\dimen187
\Gin@req@width=\dimen188
)
(C:\Users\medoo\AppData\Local\Programs\MiKTeX\tex/xelatex/bidi\graphicx-xetex-b
idi.def
File: graphicx-xetex-bidi.def 2017/06/17 v0.5 bidi adaptations for graphicx pac
kage for XeTeX engine
))
(C:\Users\medoo\AppData\Local\Programs\MiKTeX\tex/latex/polyglossia\gloss-arabi
c.ldf
File: gloss-arabic.ldf polyglossia: module for Arabic

(C:\Users\medoo\AppData\Local\Programs\MiKTeX\tex/latex/polyglossia\arabicnumbe
rs.sty
Package: arabicnumbers 2010/03/18 v0.2 Formatting of Arabic and Farsi digits an
d of Arabic abjad numerals
)
(C:\Users\medoo\AppData\Local\Programs\MiKTeX\tex/latex/polyglossia\hijrical.st
y
Package: hijrical 2010/07/12 v0.2 Islamic calendar

(C:\Users\medoo\AppData\Local\Programs\MiKTeX\tex/latex/polyglossia\cal-util.de
f
\c@tmpA=\count328
\c@tmpB=\count329
\c@tmpC=\count330
\c@tmpD=\count331
\c@tmpE=\count332
\c@tmpF=\count333
)
\c@Hijriday=\count334
\c@Hijrimonth=\count335
\c@Hijriyear=\count336
))

Package polyglossia Info: Default language is arabic


(C:\Users\medoo\AppData\Local\Programs\MiKTeX\tex/latex/polyglossia\gloss-engli
sh.ldf
File: gloss-english.ldf polyglossia: module for English
)

Package fontspec Info: 
(fontspec)             Amiri scale = 1.05.


Package fontspec Info: 
(fontspec)             Amiri scale = 1.05.


Package fontspec Info: 
(fontspec)             Amiri/B scale = 1.05.


Package fontspec Info: 
(fontspec)             Amiri/I scale = 1.05.


Package fontspec Info: 
(fontspec)             Amiri/BI scale = 1.05.


Package fontspec Info: 
(fontspec)             Font family 'Amiri(0)' created for font 'Amiri' with
(fontspec)             options [Script=Arabic,Scale=1.05].
(fontspec)              
(fontspec)              This font family consists of the following NFSS
(fontspec)             series/shapes:
(fontspec)              
(fontspec)             - 'normal' (m/n) with NFSS spec.:
(fontspec)             <->s*[1.05]"Amiri/OT:script=arab;language=dflt;"
(fontspec)             - 'bold' (b/n) with NFSS spec.:
(fontspec)             <->s*[1.05]"Amiri/B/OT:script=arab;language=dflt;"
(fontspec)             - 'italic' (m/it) with NFSS spec.:
(fontspec)             <->s*[1.05]"Amiri/I/OT:script=arab;language=dflt;"
(fontspec)             - 'bold italic' (b/it) with NFSS spec.:
(fontspec)             <->s*[1.05]"Amiri/BI/OT:script=arab;language=dflt;"


Package fontspec Info: 
(fontspec)             Font family 'TimesNewRoman(0)' created for font 'Times
(fontspec)             New Roman' with options [].
(fontspec)              
(fontspec)              This font family consists of the following NFSS
(fontspec)             series/shapes:
(fontspec)              
(fontspec)             - 'normal' (m/n) with NFSS spec.: <->"Times New
(fontspec)             Roman/OT:script=latn;language=dflt;"
(fontspec)             - 'small caps'  (m/sc) with NFSS spec.: <->"Times New
(fontspec)             Roman/OT:script=latn;language=dflt;+smcp;"
(fontspec)             - 'bold' (b/n) with NFSS spec.: <->"Times New
(fontspec)             Roman/B/OT:script=latn;language=dflt;"
(fontspec)             - 'bold small caps'  (b/sc) with NFSS spec.: <->"Times
(fontspec)             New Roman/B/OT:script=latn;language=dflt;+smcp;"
(fontspec)             - 'italic' (m/it) with NFSS spec.: <->"Times New
(fontspec)             Roman/I/OT:script=latn;language=dflt;"
(fontspec)             - 'italic small caps'  (m/scit) with NFSS spec.:
(fontspec)             <->"Times New
(fontspec)             Roman/I/OT:script=latn;language=dflt;+smcp;"
(fontspec)             - 'bold italic' (b/it) with NFSS spec.: <->"Times New
(fontspec)             Roman/BI/OT:script=latn;language=dflt;"
(fontspec)             - 'bold italic small caps'  (b/scit) with NFSS spec.:
(fontspec)             <->"Times New
(fontspec)             Roman/BI/OT:script=latn;language=dflt;+smcp;"



! LaTeX Error: Command \qtitle undefined.

See the LaTeX manual or LaTeX Companion for explanation.
Type  H <return>  for immediate help.
 ...                                              
                                                  
l.45 \renewcommand{\qtitle}
                           [1]{%
Try typing  <return>  to proceed.
If that doesn't work, type  X <return>  to quit.

 
Here is how much of TeX's memory you used:
 10685 strings out of 403249
 247234 string characters out of 5460861
 682374 words of memory out of 5000000
 38974 multiletter control sequences out of 15000+600000
 627001 words of font info for 62 fonts, out of 8000000 for 9000
 1348 hyphenation exceptions out of 8191
 73i,0n,92p,1199b,261s stack positions out of 10000i,1000n,20000p,200000b,200000s
No pages of output.
